mode: set
github.com/host-uk/core/internal/cmd/test/cmd_commands.go:16.13,18.2 1 1
github.com/host-uk/core/internal/cmd/test/cmd_main.go:39.54,41.3 1 0
github.com/host-uk/core/internal/cmd/test/cmd_main.go:44.22,52.2 7 0
github.com/host-uk/core/internal/cmd/test/cmd_main.go:55.43,58.2 2 0
github.com/host-uk/core/internal/cmd/test/cmd_output.go:31.49,43.21 7 1
github.com/host-uk/core/internal/cmd/test/cmd_output.go:43.21,46.68 2 1
github.com/host-uk/core/internal/cmd/test/cmd_output.go:46.68,48.44 2 1
github.com/host-uk/core/internal/cmd/test/cmd_output.go:48.44,54.5 5 1
github.com/host-uk/core/internal/cmd/test/cmd_output.go:55.4,56.20 2 1
github.com/host-uk/core/internal/cmd/test/cmd_output.go:57.9,57.77 1 1
github.com/host-uk/core/internal/cmd/test/cmd_output.go:57.77,60.4 2 1
github.com/host-uk/core/internal/cmd/test/cmd_output.go:60.9,60.77 1 1
github.com/host-uk/core/internal/cmd/test/cmd_output.go:60.77,62.4 1 1
github.com/host-uk/core/internal/cmd/test/cmd_output.go:62.9,62.78 1 0
github.com/host-uk/core/internal/cmd/test/cmd_output.go:62.78,65.15 2 0
github.com/host-uk/core/internal/cmd/test/cmd_output.go:65.15,67.53 1 0
github.com/host-uk/core/internal/cmd/test/cmd_output.go:67.53,68.37 1 0
github.com/host-uk/core/internal/cmd/test/cmd_output.go:68.37,73.12 5 0
github.com/host-uk/core/internal/cmd/test/cmd_output.go:80.2,80.16 1 1
github.com/host-uk/core/internal/cmd/test/cmd_output.go:83.63,86.15 2 0
github.com/host-uk/core/internal/cmd/test/cmd_output.go:86.15,88.25 2 0
github.com/host-uk/core/internal/cmd/test/cmd_output.go:88.25,90.4 1 0
github.com/host-uk/core/internal/cmd/test/cmd_output.go:91.3,91.26 1 0
github.com/host-uk/core/internal/cmd/test/cmd_output.go:91.26,93.4 1 0
github.com/host-uk/core/internal/cmd/test/cmd_output.go:94.3,94.16 1 0
github.com/host-uk/core/internal/cmd/test/cmd_output.go:98.2,98.33 1 0
github.com/host-uk/core/internal/cmd/test/cmd_output.go:98.33,100.42 2 0
github.com/host-uk/core/internal/cmd/test/cmd_output.go:100.42,102.4 1 0
github.com/host-uk/core/internal/cmd/test/cmd_output.go:106.2,106.18 1 0
github.com/host-uk/core/internal/cmd/test/cmd_output.go:106.18,108.3 1 0
github.com/host-uk/core/internal/cmd/test/cmd_output.go:108.8,108.33 1 0
github.com/host-uk/core/internal/cmd/test/cmd_output.go:108.33,111.3 2 0
github.com/host-uk/core/internal/cmd/test/cmd_output.go:114.48,115.32 1 1
github.com/host-uk/core/internal/cmd/test/cmd_output.go:115.32,117.3 1 0
github.com/host-uk/core/internal/cmd/test/cmd_output.go:119.2,122.51 2 1
github.com/host-uk/core/internal/cmd/test/cmd_output.go:122.51,124.3 1 1
github.com/host-uk/core/internal/cmd/test/cmd_output.go:127.2,128.39 2 1
github.com/host-uk/core/internal/cmd/test/cmd_output.go:128.39,130.25 2 1
github.com/host-uk/core/internal/cmd/test/cmd_output.go:130.25,132.4 1 1
github.com/host-uk/core/internal/cmd/test/cmd_output.go:136.2,136.39 1 1
github.com/host-uk/core/internal/cmd/test/cmd_output.go:136.39,137.18 1 1
github.com/host-uk/core/internal/cmd/test/cmd_output.go:137.18,138.12 1 0
github.com/host-uk/core/internal/cmd/test/cmd_output.go:140.3,142.17 3 1
github.com/host-uk/core/internal/cmd/test/cmd_output.go:142.17,144.4 1 0
github.com/host-uk/core/internal/cmd/test/cmd_output.go:145.3,146.74 2 1
github.com/host-uk/core/internal/cmd/test/cmd_output.go:150.2,150.26 1 1
github.com/host-uk/core/internal/cmd/test/cmd_output.go:150.26,154.17 4 1
github.com/host-uk/core/internal/cmd/test/cmd_output.go:154.17,156.4 1 0
github.com/host-uk/core/internal/cmd/test/cmd_output.go:157.3,158.98 2 1
github.com/host-uk/core/internal/cmd/test/cmd_output.go:162.41,164.15 2 1
github.com/host-uk/core/internal/cmd/test/cmd_output.go:164.15,166.3 1 1
github.com/host-uk/core/internal/cmd/test/cmd_output.go:166.8,166.22 1 1
github.com/host-uk/core/internal/cmd/test/cmd_output.go:166.22,168.3 1 1
github.com/host-uk/core/internal/cmd/test/cmd_output.go:169.2,169.34 1 1
github.com/host-uk/core/internal/cmd/test/cmd_output.go:172.45,178.34 2 1
github.com/host-uk/core/internal/cmd/test/cmd_output.go:178.34,179.38 1 1
github.com/host-uk/core/internal/cmd/test/cmd_output.go:179.38,181.4 1 1
github.com/host-uk/core/internal/cmd/test/cmd_output.go:183.2,183.28 1 1
github.com/host-uk/core/internal/cmd/test/cmd_output.go:186.58,192.26 5 0
github.com/host-uk/core/internal/cmd/test/cmd_output.go:192.26,195.3 2 0
github.com/host-uk/core/internal/cmd/test/cmd_output.go:196.2,197.33 2 0
github.com/host-uk/core/internal/cmd/test/cmd_output.go:197.33,199.42 2 0
github.com/host-uk/core/internal/cmd/test/cmd_output.go:199.42,201.38 2 0
github.com/host-uk/core/internal/cmd/test/cmd_output.go:201.38,203.5 1 0
github.com/host-uk/core/internal/cmd/test/cmd_output.go:204.4,204.40 1 0
github.com/host-uk/core/internal/cmd/test/cmd_output.go:206.3,206.22 1 0
github.com/host-uk/core/internal/cmd/test/cmd_output.go:207.8,209.3 1 0
github.com/host-uk/core/internal/cmd/test/cmd_output.go:210.2,210.19 1 0
github.com/host-uk/core/internal/cmd/test/cmd_runner.go:16.91,18.53 1 0
github.com/host-uk/core/internal/cmd/test/cmd_runner.go:18.53,20.3 1 0
github.com/host-uk/core/internal/cmd/test/cmd_runner.go:23.2,26.15 2 0
github.com/host-uk/core/internal/cmd/test/cmd_runner.go:26.15,28.3 1 0
github.com/host-uk/core/internal/cmd/test/cmd_runner.go:31.2,31.13 1 0
github.com/host-uk/core/internal/cmd/test/cmd_runner.go:31.13,33.3 1 0
github.com/host-uk/core/internal/cmd/test/cmd_runner.go:34.2,34.11 1 0
github.com/host-uk/core/internal/cmd/test/cmd_runner.go:34.11,36.3 1 0
github.com/host-uk/core/internal/cmd/test/cmd_runner.go:37.2,37.15 1 0
github.com/host-uk/core/internal/cmd/test/cmd_runner.go:37.15,39.3 1 0
github.com/host-uk/core/internal/cmd/test/cmd_runner.go:40.2,40.10 1 0
github.com/host-uk/core/internal/cmd/test/cmd_runner.go:40.10,42.3 1 0
github.com/host-uk/core/internal/cmd/test/cmd_runner.go:45.2,57.17 6 0
github.com/host-uk/core/internal/cmd/test/cmd_runner.go:57.17,60.16 3 0
github.com/host-uk/core/internal/cmd/test/cmd_runner.go:60.16,62.4 1 0
github.com/host-uk/core/internal/cmd/test/cmd_runner.go:63.3,63.16 1 0
github.com/host-uk/core/internal/cmd/test/cmd_runner.go:67.2,69.28 2 0
github.com/host-uk/core/internal/cmd/test/cmd_runner.go:69.28,73.3 2 0
github.com/host-uk/core/internal/cmd/test/cmd_runner.go:73.8,77.3 2 0
github.com/host-uk/core/internal/cmd/test/cmd_runner.go:79.2,81.16 3 0
github.com/host-uk/core/internal/cmd/test/cmd_runner.go:81.16,82.47 1 0
github.com/host-uk/core/internal/cmd/test/cmd_runner.go:82.47,84.4 1 0
github.com/host-uk/core/internal/cmd/test/cmd_runner.go:88.2,93.16 3 0
github.com/host-uk/core/internal/cmd/test/cmd_runner.go:93.16,96.20 2 0
github.com/host-uk/core/internal/cmd/test/cmd_runner.go:96.20,98.4 1 0
github.com/host-uk/core/internal/cmd/test/cmd_runner.go:99.3,99.13 1 0
github.com/host-uk/core/internal/cmd/test/cmd_runner.go:103.2,103.14 1 0
github.com/host-uk/core/internal/cmd/test/cmd_runner.go:103.14,105.3 1 0
github.com/host-uk/core/internal/cmd/test/cmd_runner.go:105.8,105.21 1 0
github.com/host-uk/core/internal/cmd/test/cmd_runner.go:105.21,109.3 2 0
github.com/host-uk/core/internal/cmd/test/cmd_runner.go:111.2,111.19 1 0
github.com/host-uk/core/internal/cmd/test/cmd_runner.go:111.19,114.3 2 0
github.com/host-uk/core/internal/cmd/test/cmd_runner.go:116.2,117.12 2 0
github.com/host-uk/core/internal/cmd/test/cmd_runner.go:120.40,121.30 1 0
github.com/host-uk/core/internal/cmd/test/cmd_runner.go:121.30,124.3 1 0
github.com/host-uk/core/internal/cmd/test/cmd_runner.go:125.2,125.11 1 0
github.com/host-uk/core/internal/cmd/test/cmd_runner.go:128.49,132.21 3 0
github.com/host-uk/core/internal/cmd/test/cmd_runner.go:132.21,135.46 2 0
github.com/host-uk/core/internal/cmd/test/cmd_runner.go:135.46,136.12 1 0
github.com/host-uk/core/internal/cmd/test/cmd_runner.go:139.3,139.72 1 0
github.com/host-uk/core/internal/cmd/test/cmd_runner.go:139.72,140.12 1 0
github.com/host-uk/core/internal/cmd/test/cmd_runner.go:142.3,142.36 1 0
github.com/host-uk/core/internal/cmd/test/cmd_runner.go:144.2,144.37 1 0
github.com/host-uk/core/internal/cmd/go/cmd_commands.go:19.13,21.2 1 1
github.com/host-uk/core/internal/cmd/go/cmd_format.go:21.43,26.53 1 0
github.com/host-uk/core/internal/cmd/go/cmd_format.go:26.53,29.14 2 0
github.com/host-uk/core/internal/cmd/go/cmd_format.go:29.14,32.5 1 0
github.com/host-uk/core/internal/cmd/go/cmd_format.go:32.10,35.24 2 0
github.com/host-uk/core/internal/cmd/go/cmd_format.go:35.24,38.6 2 0
github.com/host-uk/core/internal/cmd/go/cmd_format.go:42.4,42.26 1 0
github.com/host-uk/core/internal/cmd/go/cmd_format.go:42.26,44.5 1 0
github.com/host-uk/core/internal/cmd/go/cmd_format.go:46.4,47.14 2 0
github.com/host-uk/core/internal/cmd/go/cmd_format.go:47.14,49.5 1 0
github.com/host-uk/core/internal/cmd/go/cmd_format.go:50.4,50.15 1 0
github.com/host-uk/core/internal/cmd/go/cmd_format.go:50.15,52.5 1 0
github.com/host-uk/core/internal/cmd/go/cmd_format.go:53.4,53.27 1 0
github.com/host-uk/core/internal/cmd/go/cmd_format.go:53.27,55.5 1 0
github.com/host-uk/core/internal/cmd/go/cmd_format.go:56.4,60.56 3 0
github.com/host-uk/core/internal/cmd/go/cmd_format.go:60.56,62.5 1 0
github.com/host-uk/core/internal/cmd/go/cmd_format.go:62.10,64.5 1 0
github.com/host-uk/core/internal/cmd/go/cmd_format.go:67.4,67.16 1 0
github.com/host-uk/core/internal/cmd/go/cmd_format.go:67.16,69.19 2 0
github.com/host-uk/core/internal/cmd/go/cmd_format.go:69.19,72.6 2 0
github.com/host-uk/core/internal/cmd/go/cmd_format.go:73.5,73.24 1 0
github.com/host-uk/core/internal/cmd/go/cmd_format.go:73.24,76.6 2 0
github.com/host-uk/core/internal/cmd/go/cmd_format.go:77.5,77.15 1 0
github.com/host-uk/core/internal/cmd/go/cmd_format.go:80.4,82.24 3 0
github.com/host-uk/core/internal/cmd/go/cmd_format.go:86.2,91.27 5 0
github.com/host-uk/core/internal/cmd/go/cmd_format.go:95.35,101.16 4 0
github.com/host-uk/core/internal/cmd/go/cmd_format.go:101.16,103.3 1 0
github.com/host-uk/core/internal/cmd/go/cmd_format.go:106.2,108.16 3 0
github.com/host-uk/core/internal/cmd/go/cmd_format.go:108.16,110.3 1 0
github.com/host-uk/core/internal/cmd/go/cmd_format.go:113.2,115.26 3 0
github.com/host-uk/core/internal/cmd/go/cmd_format.go:115.26,116.15 1 0
github.com/host-uk/core/internal/cmd/go/cmd_format.go:116.15,119.40 2 0
github.com/host-uk/core/internal/cmd/go/cmd_format.go:119.40,121.5 1 0
github.com/host-uk/core/internal/cmd/go/cmd_format.go:125.2,125.15 1 0
github.com/host-uk/core/internal/cmd/go/cmd_format.go:129.44,132.21 3 0
github.com/host-uk/core/internal/cmd/go/cmd_format.go:132.21,134.48 2 0
github.com/host-uk/core/internal/cmd/go/cmd_format.go:134.48,136.4 1 0
github.com/host-uk/core/internal/cmd/go/cmd_format.go:138.2,138.16 1 0
github.com/host-uk/core/internal/cmd/go/cmd_format.go:146.44,151.53 1 0
github.com/host-uk/core/internal/cmd/go/cmd_format.go:151.53,153.15 2 0
github.com/host-uk/core/internal/cmd/go/cmd_format.go:153.15,155.5 1 0
github.com/host-uk/core/internal/cmd/go/cmd_format.go:157.4,157.16 1 0
github.com/host-uk/core/internal/cmd/go/cmd_format.go:157.16,161.5 1 0
github.com/host-uk/core/internal/cmd/go/cmd_format.go:164.4,169.24 5 0
github.com/host-uk/core/internal/cmd/go/cmd_format.go:173.2,176.28 3 0
github.com/host-uk/core/internal/cmd/go/cmd_fuzz.go:23.44,36.53 1 0
github.com/host-uk/core/internal/cmd/go/cmd_fuzz.go:36.53,38.4 1 0
github.com/host-uk/core/internal/cmd/go/cmd_fuzz.go:41.2,46.28 5 0
github.com/host-uk/core/internal/cmd/go/cmd_fuzz.go:55.77,60.16 4 0
github.com/host-uk/core/internal/cmd/go/cmd_fuzz.go:60.16,62.3 1 0
github.com/host-uk/core/internal/cmd/go/cmd_fuzz.go:64.2,64.23 1 0
github.com/host-uk/core/internal/cmd/go/cmd_fuzz.go:64.23,67.3 2 0
github.com/host-uk/core/internal/cmd/go/cmd_fuzz.go:69.2,75.28 5 0
github.com/host-uk/core/internal/cmd/go/cmd_fuzz.go:75.28,84.14 3 0
github.com/host-uk/core/internal/cmd/go/cmd_fuzz.go:84.14,86.4 1 0
github.com/host-uk/core/internal/cmd/go/cmd_fuzz.go:87.3,96.20 7 0
github.com/host-uk/core/internal/cmd/go/cmd_fuzz.go:96.20,99.23 3 0
github.com/host-uk/core/internal/cmd/go/cmd_fuzz.go:99.23,101.5 1 0
github.com/host-uk/core/internal/cmd/go/cmd_fuzz.go:102.9,105.34 3 0
github.com/host-uk/core/internal/cmd/go/cmd_fuzz.go:105.34,107.5 1 0
github.com/host-uk/core/internal/cmd/go/cmd_fuzz.go:111.2,112.16 2 0
github.com/host-uk/core/internal/cmd/go/cmd_fuzz.go:112.16,115.3 2 0
github.com/host-uk/core/internal/cmd/go/cmd_fuzz.go:117.2,118.12 2 0
github.com/host-uk/core/internal/cmd/go/cmd_fuzz.go:122.69,124.15 2 0
github.com/host-uk/core/internal/cmd/go/cmd_fuzz.go:124.15,128.3 2 0
github.com/host-uk/core/internal/cmd/go/cmd_fuzz.go:130.2,132.19 3 0
github.com/host-uk/core/internal/cmd/go/cmd_fuzz.go:132.19,135.17 3 0
github.com/host-uk/core/internal/cmd/go/cmd_fuzz.go:135.17,137.4 1 0
github.com/host-uk/core/internal/cmd/go/cmd_fuzz.go:140.2,141.82 2 0
github.com/host-uk/core/internal/cmd/go/cmd_fuzz.go:141.82,142.17 1 0
github.com/host-uk/core/internal/cmd/go/cmd_fuzz.go:142.17,144.4 1 0
github.com/host-uk/core/internal/cmd/go/cmd_fuzz.go:145.3,145.66 1 0
github.com/host-uk/core/internal/cmd/go/cmd_fuzz.go:145.66,147.4 1 0
github.com/host-uk/core/internal/cmd/go/cmd_fuzz.go:149.3,150.21 2 0
github.com/host-uk/core/internal/cmd/go/cmd_fuzz.go:150.21,152.4 1 0
github.com/host-uk/core/internal/cmd/go/cmd_fuzz.go:154.3,155.58 2 0
github.com/host-uk/core/internal/cmd/go/cmd_fuzz.go:155.58,157.16 2 0
github.com/host-uk/core/internal/cmd/go/cmd_fuzz.go:157.16,158.13 1 0
github.com/host-uk/core/internal/cmd/go/cmd_fuzz.go:160.4,161.52 2 0
github.com/host-uk/core/internal/cmd/go/cmd_fuzz.go:161.52,162.13 1 0
github.com/host-uk/core/internal/cmd/go/cmd_fuzz.go:164.4,164.63 1 0
github.com/host-uk/core/internal/cmd/go/cmd_fuzz.go:166.3,166.13 1 0
github.com/host-uk/core/internal/cmd/go/cmd_fuzz.go:168.2,168.21 1 0
github.com/host-uk/core/internal/cmd/go/cmd_go.go:19.39,36.2 11 0
github.com/host-uk/core/internal/cmd/go/cmd_gotest.go:29.44,34.53 1 0
github.com/host-uk/core/internal/cmd/go/cmd_gotest.go:34.53,36.4 1 0
github.com/host-uk/core/internal/cmd/go/cmd_gotest.go:39.2,47.28 8 0
github.com/host-uk/core/internal/cmd/go/cmd_gotest.go:50.90,51.15 1 0
github.com/host-uk/core/internal/cmd/go/cmd_gotest.go:51.15,53.3 1 0
github.com/host-uk/core/internal/cmd/go/cmd_gotest.go:55.2,58.14 3 0
github.com/host-uk/core/internal/cmd/go/cmd_gotest.go:58.14,61.17 3 0
github.com/host-uk/core/internal/cmd/go/cmd_gotest.go:61.17,66.4 4 0
github.com/host-uk/core/internal/cmd/go/cmd_gotest.go:69.2,69.15 1 0
github.com/host-uk/core/internal/cmd/go/cmd_gotest.go:69.15,71.3 1 0
github.com/host-uk/core/internal/cmd/go/cmd_gotest.go:72.2,72.11 1 0
github.com/host-uk/core/internal/cmd/go/cmd_gotest.go:72.11,74.3 1 0
github.com/host-uk/core/internal/cmd/go/cmd_gotest.go:75.2,75.10 1 0
github.com/host-uk/core/internal/cmd/go/cmd_gotest.go:75.10,77.3 1 0
github.com/host-uk/core/internal/cmd/go/cmd_gotest.go:78.2,78.13 1 0
github.com/host-uk/core/internal/cmd/go/cmd_gotest.go:78.13,80.3 1 0
github.com/host-uk/core/internal/cmd/go/cmd_gotest.go:82.2,84.14 2 0
github.com/host-uk/core/internal/cmd/go/cmd_gotest.go:84.14,88.3 3 0
github.com/host-uk/core/internal/cmd/go/cmd_gotest.go:90.2,100.29 8 0
github.com/host-uk/core/internal/cmd/go/cmd_gotest.go:100.29,101.46 1 0
github.com/host-uk/core/internal/cmd/go/cmd_gotest.go:101.46,103.4 1 0
github.com/host-uk/core/internal/cmd/go/cmd_gotest.go:105.2,111.13 4 0
github.com/host-uk/core/internal/cmd/go/cmd_gotest.go:111.13,116.3 3 0
github.com/host-uk/core/internal/cmd/go/cmd_gotest.go:119.2,119.27 1 0
github.com/host-uk/core/internal/cmd/go/cmd_gotest.go:119.27,121.3 1 0
github.com/host-uk/core/internal/cmd/go/cmd_gotest.go:124.2,124.16 1 0
github.com/host-uk/core/internal/cmd/go/cmd_gotest.go:124.16,126.3 1 0
github.com/host-uk/core/internal/cmd/go/cmd_gotest.go:126.8,130.3 1 0
github.com/host-uk/core/internal/cmd/go/cmd_gotest.go:132.2,132.13 1 0
github.com/host-uk/core/internal/cmd/go/cmd_gotest.go:132.13,134.20 2 0
github.com/host-uk/core/internal/cmd/go/cmd_gotest.go:134.20,136.18 2 0
github.com/host-uk/core/internal/cmd/go/cmd_gotest.go:136.18,138.5 1 0
github.com/host-uk/core/internal/cmd/go/cmd_gotest.go:138.10,140.5 1 0
github.com/host-uk/core/internal/cmd/go/cmd_gotest.go:144.2,144.16 1 0
github.com/host-uk/core/internal/cmd/go/cmd_gotest.go:144.16,146.3 1 0
github.com/host-uk/core/internal/cmd/go/cmd_gotest.go:146.8,148.3 1 0
github.com/host-uk/core/internal/cmd/go/cmd_gotest.go:150.2,150.12 1 0
github.com/host-uk/core/internal/cmd/go/cmd_gotest.go:153.68,162.2 7 0
github.com/host-uk/core/internal/cmd/go/cmd_gotest.go:164.50,167.23 3 1
github.com/host-uk/core/internal/cmd/go/cmd_gotest.go:167.23,169.3 1 1
github.com/host-uk/core/internal/cmd/go/cmd_gotest.go:171.2,172.28 2 1
github.com/host-uk/core/internal/cmd/go/cmd_gotest.go:172.28,176.3 3 1
github.com/host-uk/core/internal/cmd/go/cmd_gotest.go:177.2,177.38 1 1
github.com/host-uk/core/internal/cmd/go/cmd_gotest.go:189.43,194.53 1 1
github.com/host-uk/core/internal/cmd/go/cmd_gotest.go:194.53,196.17 2 0
github.com/host-uk/core/internal/cmd/go/cmd_gotest.go:196.17,199.19 2 0
github.com/host-uk/core/internal/cmd/go/cmd_gotest.go:199.19,201.6 1 0
github.com/host-uk/core/internal/cmd/go/cmd_gotest.go:202.5,202.23 1 0
github.com/host-uk/core/internal/cmd/go/cmd_gotest.go:202.23,204.6 1 0
github.com/host-uk/core/internal/cmd/go/cmd_gotest.go:205.5,205.34 1 0
github.com/host-uk/core/internal/cmd/go/cmd_gotest.go:209.4,210.18 2 0
github.com/host-uk/core/internal/cmd/go/cmd_gotest.go:210.18,212.5 1 0
github.com/host-uk/core/internal/cmd/go/cmd_gotest.go:213.4,215.17 3 0
github.com/host-uk/core/internal/cmd/go/cmd_gotest.go:215.17,216.24 1 0
github.com/host-uk/core/internal/cmd/go/cmd_gotest.go:216.24,218.6 1 0
github.com/host-uk/core/internal/cmd/go/cmd_gotest.go:218.11,222.34 3 0
github.com/host-uk/core/internal/cmd/go/cmd_gotest.go:222.34,226.7 3 0
github.com/host-uk/core/internal/cmd/go/cmd_gotest.go:227.6,227.28 1 0
github.com/host-uk/core/internal/cmd/go/cmd_gotest.go:231.4,234.28 3 0
github.com/host-uk/core/internal/cmd/go/cmd_gotest.go:234.28,236.5 1 0
github.com/host-uk/core/internal/cmd/go/cmd_gotest.go:237.4,255.18 12 0
github.com/host-uk/core/internal/cmd/go/cmd_gotest.go:255.18,256.23 1 0
github.com/host-uk/core/internal/cmd/go/cmd_gotest.go:256.23,258.6 1 0
github.com/host-uk/core/internal/cmd/go/cmd_gotest.go:259.5,259.62 1 0
github.com/host-uk/core/internal/cmd/go/cmd_gotest.go:263.4,265.22 3 0
github.com/host-uk/core/internal/cmd/go/cmd_gotest.go:265.22,268.45 2 0
github.com/host-uk/core/internal/cmd/go/cmd_gotest.go:268.45,270.25 2 0
github.com/host-uk/core/internal/cmd/go/cmd_gotest.go:270.25,273.7 2 0
github.com/host-uk/core/internal/cmd/go/cmd_gotest.go:278.4,279.18 2 0
github.com/host-uk/core/internal/cmd/go/cmd_gotest.go:279.18,281.5 1 0
github.com/host-uk/core/internal/cmd/go/cmd_gotest.go:284.4,289.26 4 0
github.com/host-uk/core/internal/cmd/go/cmd_gotest.go:289.26,292.41 3 0
github.com/host-uk/core/internal/cmd/go/cmd_gotest.go:292.41,294.6 1 0
github.com/host-uk/core/internal/cmd/go/cmd_gotest.go:295.5,297.16 2 0
github.com/host-uk/core/internal/cmd/go/cmd_gotest.go:297.16,300.13 2 0
github.com/host-uk/core/internal/cmd/go/cmd_gotest.go:301.54,302.47 1 0
github.com/host-uk/core/internal/cmd/go/cmd_gotest.go:303.58,304.51 1 0
github.com/host-uk/core/internal/cmd/go/cmd_gotest.go:305.14,306.81 1 0
github.com/host-uk/core/internal/cmd/go/cmd_gotest.go:308.6,308.24 1 0
github.com/host-uk/core/internal/cmd/go/cmd_gotest.go:308.24,310.7 1 0
github.com/host-uk/core/internal/cmd/go/cmd_gotest.go:315.4,315.55 1 0
github.com/host-uk/core/internal/cmd/go/cmd_gotest.go:315.55,318.5 2 0
github.com/host-uk/core/internal/cmd/go/cmd_gotest.go:319.4,319.64 1 0
github.com/host-uk/core/internal/cmd/go/cmd_gotest.go:319.64,322.5 2 0
github.com/host-uk/core/internal/cmd/go/cmd_gotest.go:324.4,324.22 1 0
github.com/host-uk/core/internal/cmd/go/cmd_gotest.go:324.22,326.5 1 0
github.com/host-uk/core/internal/cmd/go/cmd_gotest.go:328.4,329.14 2 0
github.com/host-uk/core/internal/cmd/go/cmd_gotest.go:333.2,340.27 7 1
github.com/host-uk/core/internal/cmd/go/cmd_gotest.go:348.59,350.16 2 1
github.com/host-uk/core/internal/cmd/go/cmd_gotest.go:350.16,352.3 1 1
github.com/host-uk/core/internal/cmd/go/cmd_gotest.go:353.2,359.21 4 1
github.com/host-uk/core/internal/cmd/go/cmd_gotest.go:359.21,361.3 1 1
github.com/host-uk/core/internal/cmd/go/cmd_gotest.go:363.2,363.21 1 1
github.com/host-uk/core/internal/cmd/go/cmd_gotest.go:363.21,365.17 2 1
github.com/host-uk/core/internal/cmd/go/cmd_gotest.go:365.17,366.12 1 0
github.com/host-uk/core/internal/cmd/go/cmd_gotest.go:368.3,369.22 2 1
github.com/host-uk/core/internal/cmd/go/cmd_gotest.go:369.22,370.12 1 1
github.com/host-uk/core/internal/cmd/go/cmd_gotest.go:374.3,375.17 2 1
github.com/host-uk/core/internal/cmd/go/cmd_gotest.go:375.17,376.12 1 1
github.com/host-uk/core/internal/cmd/go/cmd_gotest.go:379.3,380.16 2 1
github.com/host-uk/core/internal/cmd/go/cmd_gotest.go:380.16,382.4 1 1
github.com/host-uk/core/internal/cmd/go/cmd_gotest.go:385.2,385.38 1 1
github.com/host-uk/core/internal/cmd/go/cmd_gotest.go:385.38,387.3 1 0
github.com/host-uk/core/internal/cmd/go/cmd_gotest.go:389.2,389.22 1 1
github.com/host-uk/core/internal/cmd/go/cmd_gotest.go:389.22,391.3 1 1
github.com/host-uk/core/internal/cmd/go/cmd_gotest.go:393.2,393.67 1 1
github.com/host-uk/core/internal/cmd/go/cmd_gotest.go:396.54,398.82 2 0
github.com/host-uk/core/internal/cmd/go/cmd_gotest.go:398.82,399.17 1 0
github.com/host-uk/core/internal/cmd/go/cmd_gotest.go:399.17,401.4 1 0
github.com/host-uk/core/internal/cmd/go/cmd_gotest.go:402.3,402.66 1 0
github.com/host-uk/core/internal/cmd/go/cmd_gotest.go:402.66,404.36 2 0
github.com/host-uk/core/internal/cmd/go/cmd_gotest.go:404.36,406.5 1 0
github.com/host-uk/core/internal/cmd/go/cmd_gotest.go:407.4,407.22 1 0
github.com/host-uk/core/internal/cmd/go/cmd_gotest.go:409.3,409.13 1 0
github.com/host-uk/core/internal/cmd/go/cmd_gotest.go:411.2,411.16 1 0
github.com/host-uk/core/internal/cmd/go/cmd_gotest.go:411.16,413.3 1 0
github.com/host-uk/core/internal/cmd/go/cmd_gotest.go:415.2,416.26 2 0
github.com/host-uk/core/internal/cmd/go/cmd_gotest.go:416.26,418.3 1 0
github.com/host-uk/core/internal/cmd/go/cmd_gotest.go:419.2,419.18 1 0
github.com/host-uk/core/internal/cmd/go/cmd_gotest.go:422.41,424.15 2 1
github.com/host-uk/core/internal/cmd/go/cmd_gotest.go:424.15,426.3 1 1
github.com/host-uk/core/internal/cmd/go/cmd_gotest.go:426.8,426.22 1 1
github.com/host-uk/core/internal/cmd/go/cmd_gotest.go:426.22,428.3 1 1
github.com/host-uk/core/internal/cmd/go/cmd_gotest.go:429.2,429.33 1 1
github.com/host-uk/core/internal/cmd/go/cmd_qa.go:41.42,98.54 22 1
github.com/host-uk/core/internal/cmd/go/cmd_qa.go:98.54,98.108 2 0
github.com/host-uk/core/internal/cmd/go/cmd_qa.go:101.2,104.53 1 1
github.com/host-uk/core/internal/cmd/go/cmd_qa.go:104.53,107.4 2 0
github.com/host-uk/core/internal/cmd/go/cmd_qa.go:110.2,113.53 1 1
github.com/host-uk/core/internal/cmd/go/cmd_qa.go:113.53,118.4 4 0
github.com/host-uk/core/internal/cmd/go/cmd_qa.go:121.2,124.53 1 1
github.com/host-uk/core/internal/cmd/go/cmd_qa.go:124.53,126.24 2 0
github.com/host-uk/core/internal/cmd/go/cmd_qa.go:126.24,128.5 1 0
github.com/host-uk/core/internal/cmd/go/cmd_qa.go:129.4,130.29 2 0
github.com/host-uk/core/internal/cmd/go/cmd_qa.go:134.2,134.26 1 1
github.com/host-uk/core/internal/cmd/go/cmd_qa.go:158.53,160.10 1 1
github.com/host-uk/core/internal/cmd/go/cmd_qa.go:160.10,163.23 3 0
github.com/host-uk/core/internal/cmd/go/cmd_qa.go:163.23,165.4 1 0
github.com/host-uk/core/internal/cmd/go/cmd_qa.go:168.2,169.16 2 1
github.com/host-uk/core/internal/cmd/go/cmd_qa.go:169.16,171.3 1 0
github.com/host-uk/core/internal/cmd/go/cmd_qa.go:174.2,174.53 1 1
github.com/host-uk/core/internal/cmd/go/cmd_qa.go:174.53,176.3 1 1
github.com/host-uk/core/internal/cmd/go/cmd_qa.go:179.2,181.25 2 0
github.com/host-uk/core/internal/cmd/go/cmd_qa.go:181.25,183.3 1 0
github.com/host-uk/core/internal/cmd/go/cmd_qa.go:186.2,186.11 1 0
github.com/host-uk/core/internal/cmd/go/cmd_qa.go:186.11,187.15 1 0
github.com/host-uk/core/internal/cmd/go/cmd_qa.go:187.15,189.4 1 0
github.com/host-uk/core/internal/cmd/go/cmd_qa.go:190.3,192.38 3 0
github.com/host-uk/core/internal/cmd/go/cmd_qa.go:192.38,194.4 1 0
github.com/host-uk/core/internal/cmd/go/cmd_qa.go:197.2,206.31 8 0
github.com/host-uk/core/internal/cmd/go/cmd_qa.go:206.31,209.26 2 0
github.com/host-uk/core/internal/cmd/go/cmd_qa.go:209.26,211.4 1 0
github.com/host-uk/core/internal/cmd/go/cmd_qa.go:213.3,221.17 4 0
github.com/host-uk/core/internal/cmd/go/cmd_qa.go:221.17,224.17 3 0
github.com/host-uk/core/internal/cmd/go/cmd_qa.go:224.17,226.5 1 0
github.com/host-uk/core/internal/cmd/go/cmd_qa.go:227.4,230.27 3 0
github.com/host-uk/core/internal/cmd/go/cmd_qa.go:230.27,232.34 2 0
github.com/host-uk/core/internal/cmd/go/cmd_qa.go:232.34,234.6 1 0
github.com/host-uk/core/internal/cmd/go/cmd_qa.go:235.5,235.29 1 0
github.com/host-uk/core/internal/cmd/go/cmd_qa.go:235.29,237.6 1 0
github.com/host-uk/core/internal/cmd/go/cmd_qa.go:240.4,240.18 1 0
github.com/host-uk/core/internal/cmd/go/cmd_qa.go:240.18,242.10 2 0
github.com/host-uk/core/internal/cmd/go/cmd_qa.go:244.9,246.17 2 0
github.com/host-uk/core/internal/cmd/go/cmd_qa.go:246.17,248.5 1 0
github.com/host-uk/core/internal/cmd/go/cmd_qa.go:249.4,251.27 2 0
github.com/host-uk/core/internal/cmd/go/cmd_qa.go:251.27,253.5 1 0
github.com/host-uk/core/internal/cmd/go/cmd_qa.go:256.3,256.36 1 0
github.com/host-uk/core/internal/cmd/go/cmd_qa.go:260.2,262.62 3 0
github.com/host-uk/core/internal/cmd/go/cmd_qa.go:262.62,264.17 2 0
github.com/host-uk/core/internal/cmd/go/cmd_qa.go:264.17,267.27 3 0
github.com/host-uk/core/internal/cmd/go/cmd_qa.go:267.27,270.5 2 0
github.com/host-uk/core/internal/cmd/go/cmd_qa.go:271.4,271.44 1 0
github.com/host-uk/core/internal/cmd/go/cmd_qa.go:271.44,273.28 2 0
github.com/host-uk/core/internal/cmd/go/cmd_qa.go:273.28,276.6 1 0
github.com/host-uk/core/internal/cmd/go/cmd_qa.go:278.4,278.59 1 0
github.com/host-uk/core/internal/cmd/go/cmd_qa.go:278.59,280.28 2 0
github.com/host-uk/core/internal/cmd/go/cmd_qa.go:280.28,283.6 1 0
github.com/host-uk/core/internal/cmd/go/cmd_qa.go:286.4,286.41 1 0
github.com/host-uk/core/internal/cmd/go/cmd_qa.go:286.41,288.5 1 0
github.com/host-uk/core/internal/cmd/go/cmd_qa.go:292.2,295.12 2 0
github.com/host-uk/core/internal/cmd/go/cmd_qa.go:295.12,303.22 2 0
github.com/host-uk/core/internal/cmd/go/cmd_qa.go:303.22,305.4 1 0
github.com/host-uk/core/internal/cmd/go/cmd_qa.go:306.3,306.28 1 0
github.com/host-uk/core/internal/cmd/go/cmd_qa.go:306.28,308.4 1 0
github.com/host-uk/core/internal/cmd/go/cmd_qa.go:309.3,311.30 3 0
github.com/host-uk/core/internal/cmd/go/cmd_qa.go:315.2,315.14 1 0
github.com/host-uk/core/internal/cmd/go/cmd_qa.go:315.14,317.17 2 0
github.com/host-uk/core/internal/cmd/go/cmd_qa.go:317.17,323.4 1 0
github.com/host-uk/core/internal/cmd/go/cmd_qa.go:323.9,328.4 1 0
github.com/host-uk/core/internal/cmd/go/cmd_qa.go:331.2,331.16 1 0
github.com/host-uk/core/internal/cmd/go/cmd_qa.go:331.16,333.3 1 0
github.com/host-uk/core/internal/cmd/go/cmd_qa.go:334.2,334.12 1 0
github.com/host-uk/core/internal/cmd/go/cmd_qa.go:337.33,339.18 1 1
github.com/host-uk/core/internal/cmd/go/cmd_qa.go:339.18,341.3 1 1
github.com/host-uk/core/internal/cmd/go/cmd_qa.go:344.2,347.12 2 1
github.com/host-uk/core/internal/cmd/go/cmd_qa.go:347.12,349.28 1 1
github.com/host-uk/core/internal/cmd/go/cmd_qa.go:349.28,350.19 1 1
github.com/host-uk/core/internal/cmd/go/cmd_qa.go:350.19,352.10 2 1
github.com/host-uk/core/internal/cmd/go/cmd_qa.go:358.2,358.13 1 1
github.com/host-uk/core/internal/cmd/go/cmd_qa.go:358.13,360.3 1 0
github.com/host-uk/core/internal/cmd/go/cmd_qa.go:363.2,363.18 1 1
github.com/host-uk/core/internal/cmd/go/cmd_qa.go:363.18,365.48 2 1
github.com/host-uk/core/internal/cmd/go/cmd_qa.go:365.48,367.4 1 1
github.com/host-uk/core/internal/cmd/go/cmd_qa.go:368.3,369.28 2 1
github.com/host-uk/core/internal/cmd/go/cmd_qa.go:369.28,370.19 1 1
github.com/host-uk/core/internal/cmd/go/cmd_qa.go:370.19,372.5 1 1
github.com/host-uk/core/internal/cmd/go/cmd_qa.go:374.3,374.20 1 1
github.com/host-uk/core/internal/cmd/go/cmd_qa.go:377.2,377.15 1 1
github.com/host-uk/core/internal/cmd/go/cmd_qa.go:387.44,389.29 2 1
github.com/host-uk/core/internal/cmd/go/cmd_qa.go:389.29,392.26 3 1
github.com/host-uk/core/internal/cmd/go/cmd_qa.go:392.26,394.4 1 1
github.com/host-uk/core/internal/cmd/go/cmd_qa.go:396.2,396.15 1 1
github.com/host-uk/core/internal/cmd/go/cmd_qa.go:399.38,400.14 1 1
github.com/host-uk/core/internal/cmd/go/cmd_qa.go:401.23,403.12 2 1
github.com/host-uk/core/internal/cmd/go/cmd_qa.go:403.12,405.4 1 1
github.com/host-uk/core/internal/cmd/go/cmd_qa.go:406.3,406.63 1 1
github.com/host-uk/core/internal/cmd/go/cmd_qa.go:408.13,409.77 1 1
github.com/host-uk/core/internal/cmd/go/cmd_qa.go:411.14,413.12 2 1
github.com/host-uk/core/internal/cmd/go/cmd_qa.go:413.12,415.4 1 1
github.com/host-uk/core/internal/cmd/go/cmd_qa.go:416.3,416.26 1 1
github.com/host-uk/core/internal/cmd/go/cmd_qa.go:416.26,418.4 1 0
github.com/host-uk/core/internal/cmd/go/cmd_qa.go:419.3,420.69 2 1
github.com/host-uk/core/internal/cmd/go/cmd_qa.go:422.14,424.14 2 1
github.com/host-uk/core/internal/cmd/go/cmd_qa.go:424.14,426.4 1 0
github.com/host-uk/core/internal/cmd/go/cmd_qa.go:427.3,427.16 1 1
github.com/host-uk/core/internal/cmd/go/cmd_qa.go:427.16,429.4 1 0
github.com/host-uk/core/internal/cmd/go/cmd_qa.go:430.3,431.58 2 1
github.com/host-uk/core/internal/cmd/go/cmd_qa.go:433.14,435.14 2 1
github.com/host-uk/core/internal/cmd/go/cmd_qa.go:435.14,437.4 1 0
github.com/host-uk/core/internal/cmd/go/cmd_qa.go:438.3,438.16 1 1
github.com/host-uk/core/internal/cmd/go/cmd_qa.go:438.16,440.4 1 0
github.com/host-uk/core/internal/cmd/go/cmd_qa.go:441.3,442.58 2 1
github.com/host-uk/core/internal/cmd/go/cmd_qa.go:444.15,447.59 3 1
github.com/host-uk/core/internal/cmd/go/cmd_qa.go:449.14,450.80 1 1
github.com/host-uk/core/internal/cmd/go/cmd_qa.go:452.13,453.83 1 1
github.com/host-uk/core/internal/cmd/go/cmd_qa.go:455.14,456.54 1 1
github.com/host-uk/core/internal/cmd/go/cmd_qa.go:458.18,460.58 1 1
github.com/host-uk/core/internal/cmd/go/cmd_qa.go:462.10,463.19 1 1
github.com/host-uk/core/internal/cmd/go/cmd_qa.go:468.50,469.19 1 1
github.com/host-uk/core/internal/cmd/go/cmd_qa.go:470.23,471.54 1 1
github.com/host-uk/core/internal/cmd/go/cmd_qa.go:472.13,473.73 1 1
github.com/host-uk/core/internal/cmd/go/cmd_qa.go:474.14,475.64 1 1
github.com/host-uk/core/internal/cmd/go/cmd_qa.go:476.14,477.53 1 1
github.com/host-uk/core/internal/cmd/go/cmd_qa.go:477.53,479.4 1 1
github.com/host-uk/core/internal/cmd/go/cmd_qa.go:480.3,480.62 1 0
github.com/host-uk/core/internal/cmd/go/cmd_qa.go:481.14,482.90 1 1
github.com/host-uk/core/internal/cmd/go/cmd_qa.go:483.15,484.80 1 1
github.com/host-uk/core/internal/cmd/go/cmd_qa.go:485.14,486.87 1 1
github.com/host-uk/core/internal/cmd/go/cmd_qa.go:487.13,488.88 1 1
github.com/host-uk/core/internal/cmd/go/cmd_qa.go:489.14,490.84 1 1
github.com/host-uk/core/internal/cmd/go/cmd_qa.go:491.18,492.92 1 1
github.com/host-uk/core/internal/cmd/go/cmd_qa.go:493.10,494.12 1 1
github.com/host-uk/core/internal/cmd/go/cmd_qa.go:501.47,502.60 1 1
github.com/host-uk/core/internal/cmd/go/cmd_qa.go:502.60,504.3 1 1
github.com/host-uk/core/internal/cmd/go/cmd_qa.go:505.2,505.11 1 0
github.com/host-uk/core/internal/cmd/go/cmd_qa.go:508.86,510.35 1 0
github.com/host-uk/core/internal/cmd/go/cmd_qa.go:510.35,512.3 1 0
github.com/host-uk/core/internal/cmd/go/cmd_qa.go:515.2,515.56 1 0
github.com/host-uk/core/internal/cmd/go/cmd_qa.go:515.56,517.3 1 0
github.com/host-uk/core/internal/cmd/go/cmd_qa.go:519.2,523.76 3 0
github.com/host-uk/core/internal/cmd/go/cmd_qa.go:523.76,525.17 2 0
github.com/host-uk/core/internal/cmd/go/cmd_qa.go:525.17,527.4 1 0
github.com/host-uk/core/internal/cmd/go/cmd_qa.go:528.3,528.22 1 0
github.com/host-uk/core/internal/cmd/go/cmd_qa.go:528.22,530.27 1 0
github.com/host-uk/core/internal/cmd/go/cmd_qa.go:530.27,532.5 1 0
github.com/host-uk/core/internal/cmd/go/cmd_qa.go:533.4,533.71 1 0
github.com/host-uk/core/internal/cmd/go/cmd_qa.go:535.3,535.17 1 0
github.com/host-uk/core/internal/cmd/go/cmd_qa.go:539.2,539.23 1 0
github.com/host-uk/core/internal/cmd/go/cmd_qa.go:539.23,542.3 2 0
github.com/host-uk/core/internal/cmd/go/cmd_qa.go:544.2,546.22 3 0
github.com/host-uk/core/internal/cmd/go/cmd_qa.go:549.77,552.16 2 0
github.com/host-uk/core/internal/cmd/go/cmd_qa.go:552.16,554.3 1 0
github.com/host-uk/core/internal/cmd/go/cmd_qa.go:555.2,560.13 5 0
github.com/host-uk/core/internal/cmd/go/cmd_qa.go:560.13,562.3 1 0
github.com/host-uk/core/internal/cmd/go/cmd_qa.go:563.2,567.25 4 0
github.com/host-uk/core/internal/cmd/go/cmd_qa.go:567.25,570.3 2 0
github.com/host-uk/core/internal/cmd/go/cmd_qa.go:572.2,572.34 1 0
github.com/host-uk/core/internal/cmd/go/cmd_qa.go:572.34,574.3 1 0
github.com/host-uk/core/internal/cmd/go/cmd_qa.go:577.2,579.16 3 0
github.com/host-uk/core/internal/cmd/go/cmd_qa.go:579.16,581.3 1 0
github.com/host-uk/core/internal/cmd/go/cmd_qa.go:584.2,586.20 3 0
github.com/host-uk/core/internal/cmd/go/cmd_qa.go:586.20,589.23 3 0
github.com/host-uk/core/internal/cmd/go/cmd_qa.go:589.23,593.4 2 0
github.com/host-uk/core/internal/cmd/go/cmd_qa.go:597.2,598.16 2 0
github.com/host-uk/core/internal/cmd/go/cmd_qa.go:598.16,600.3 1 0
github.com/host-uk/core/internal/cmd/go/cmd_qa.go:602.2,602.37 1 0
github.com/host-uk/core/internal/cmd/go/cmd_qa.go:606.54,607.20 1 0
github.com/host-uk/core/internal/cmd/go/cmd_qa.go:608.14,611.50 2 0
github.com/host-uk/core/internal/cmd/go/cmd_qa.go:611.50,613.4 1 0
github.com/host-uk/core/internal/cmd/go/cmd_qa.go:614.3,614.52 1 0
github.com/host-uk/core/internal/cmd/go/cmd_qa.go:616.18,618.17 2 0
github.com/host-uk/core/internal/cmd/go/cmd_qa.go:618.17,620.4 1 0
github.com/host-uk/core/internal/cmd/go/cmd_qa.go:621.3,624.21 3 0
github.com/host-uk/core/internal/cmd/go/cmd_qa.go:624.21,628.37 3 0
github.com/host-uk/core/internal/cmd/go/cmd_qa.go:628.37,630.5 1 0
github.com/host-uk/core/internal/cmd/go/cmd_qa.go:631.4,632.42 1 0
github.com/host-uk/core/internal/cmd/go/cmd_qa.go:634.3,634.72 1 0
github.com/host-uk/core/internal/cmd/go/cmd_qa.go:636.10,637.63 1 0
github.com/host-uk/core/internal/cmd/go/cmd_tools.go:18.47,23.53 1 0
github.com/host-uk/core/internal/cmd/go/cmd_tools.go:23.53,26.21 2 0
github.com/host-uk/core/internal/cmd/go/cmd_tools.go:26.21,28.5 1 0
github.com/host-uk/core/internal/cmd/go/cmd_tools.go:31.4,31.30 1 0
github.com/host-uk/core/internal/cmd/go/cmd_tools.go:31.30,32.49 1 0
github.com/host-uk/core/internal/cmd/go/cmd_tools.go:32.49,34.6 1 0
github.com/host-uk/core/internal/cmd/go/cmd_tools.go:34.11,34.81 1 0
github.com/host-uk/core/internal/cmd/go/cmd_tools.go:34.81,36.6 1 0
github.com/host-uk/core/internal/cmd/go/cmd_tools.go:36.11,36.56 1 0
github.com/host-uk/core/internal/cmd/go/cmd_tools.go:36.56,38.6 1 0
github.com/host-uk/core/internal/cmd/go/cmd_tools.go:41.4,43.20 3 0
github.com/host-uk/core/internal/cmd/go/cmd_tools.go:43.20,45.5 1 0
github.com/host-uk/core/internal/cmd/go/cmd_tools.go:47.4,48.22 2 0
github.com/host-uk/core/internal/cmd/go/cmd_tools.go:48.22,50.5 1 0
github.com/host-uk/core/internal/cmd/go/cmd_tools.go:51.4,54.20 3 0
github.com/host-uk/core/internal/cmd/go/cmd_tools.go:54.20,56.5 1 0
github.com/host-uk/core/internal/cmd/go/cmd_tools.go:57.4,60.40 3 0
github.com/host-uk/core/internal/cmd/go/cmd_tools.go:60.40,63.5 2 0
github.com/host-uk/core/internal/cmd/go/cmd_tools.go:66.4,67.20 2 0
github.com/host-uk/core/internal/cmd/go/cmd_tools.go:67.20,70.5 2 0
github.com/host-uk/core/internal/cmd/go/cmd_tools.go:71.4,74.14 3 0
github.com/host-uk/core/internal/cmd/go/cmd_tools.go:78.2,81.31 3 0
github.com/host-uk/core/internal/cmd/go/cmd_tools.go:84.43,95.53 2 0
github.com/host-uk/core/internal/cmd/go/cmd_tools.go:95.53,100.4 4 0
github.com/host-uk/core/internal/cmd/go/cmd_tools.go:104.2,107.53 1 0
github.com/host-uk/core/internal/cmd/go/cmd_tools.go:107.53,112.4 4 0
github.com/host-uk/core/internal/cmd/go/cmd_tools.go:116.2,119.53 1 0
github.com/host-uk/core/internal/cmd/go/cmd_tools.go:119.53,124.4 4 0
github.com/host-uk/core/internal/cmd/go/cmd_tools.go:128.2,131.53 1 0
github.com/host-uk/core/internal/cmd/go/cmd_tools.go:131.53,136.4 4 0
github.com/host-uk/core/internal/cmd/go/cmd_tools.go:139.2,143.27 5 0
github.com/host-uk/core/internal/cmd/go/cmd_tools.go:146.44,157.53 2 0
github.com/host-uk/core/internal/cmd/go/cmd_tools.go:157.53,162.4 4 0
github.com/host-uk/core/internal/cmd/go/cmd_tools.go:166.2,169.53 1 0
github.com/host-uk/core/internal/cmd/go/cmd_tools.go:169.53,173.40 4 0
github.com/host-uk/core/internal/cmd/go/cmd_tools.go:173.40,175.5 1 0
github.com/host-uk/core/internal/cmd/go/cmd_tools.go:177.4,177.47 1 0
github.com/host-uk/core/internal/cmd/go/cmd_tools.go:177.47,182.5 4 0
github.com/host-uk/core/internal/cmd/go/cmd_tools.go:183.4,183.14 1 0
github.com/host-uk/core/internal/cmd/go/cmd_tools.go:188.2,191.53 1 0
github.com/host-uk/core/internal/cmd/go/cmd_tools.go:191.53,192.22 1 0
github.com/host-uk/core/internal/cmd/go/cmd_tools.go:192.22,195.26 2 0
github.com/host-uk/core/internal/cmd/go/cmd_tools.go:195.26,197.6 1 0
github.com/host-uk/core/internal/cmd/go/cmd_tools.go:198.5,198.33 1 0
github.com/host-uk/core/internal/cmd/go/cmd_tools.go:198.33,202.42 4 0
github.com/host-uk/core/internal/cmd/go/cmd_tools.go:202.42,204.7 1 0
github.com/host-uk/core/internal/cmd/go/cmd_tools.go:205.6,205.77 1 0
github.com/host-uk/core/internal/cmd/go/cmd_tools.go:207.5,207.15 1 0
github.com/host-uk/core/internal/cmd/go/cmd_tools.go:210.4,214.24 5 0
github.com/host-uk/core/internal/cmd/go/cmd_tools.go:218.2,221.28 4 0
github.com/host-uk/core/internal/cmd/go/cmd_tools.go:224.42,226.79 2 0
github.com/host-uk/core/internal/cmd/go/cmd_tools.go:226.79,227.17 1 0
github.com/host-uk/core/internal/cmd/go/cmd_tools.go:227.17,229.4 1 0
github.com/host-uk/core/internal/cmd/go/cmd_tools.go:230.3,230.50 1 0
github.com/host-uk/core/internal/cmd/go/cmd_tools.go:230.50,232.4 1 0
github.com/host-uk/core/internal/cmd/go/cmd_tools.go:233.3,233.13 1 0
github.com/host-uk/core/internal/cmd/go/cmd_tools.go:235.2,235.16 1 0
